// Jest Snapshot v1, https://goo.gl/fbAQLP

exports[`<SellerStoreEditor /> connected component should render and match the snapshot 1`] = `
<Context.Provider
  value={null}
>
  <Unknown
    locale="de"
    setLocale={[Function]}
    store={
      Object {
        "clearActions": [Function],
        "dispatch": [Function],
        "getActions": [Function],
        "getState": [Function],
        "replaceReducer": [Function],
        "subscribe": [Function],
      }
    }
  />
</Context.Provider>
`;

exports[`<SellerStoreEditor /> container should render and match the snapshot 1`] = `
<SellerStoreEditor>
  <Switch>
    <Route
      path="/counter"
    >
      <Memo(Connect(Component)) />
    </Route>
    <Route
      path="/"
    >
      <Memo(Connect(IPCheck)) />
    </Route>
  </Switch>
  <button
    onClick={[Function]}
  >
    Locale: 
    tr
  </button>
</SellerStoreEditor>
`;
